vite v8.0.13 building client environment for production...
[plugin @laravel/vite-plugin-wayfinder] Types generated for actions, routes, form variants
[2Ktransforming...✓ 2274 modules transformed.
✗ Build failed in 2.37s
error during build:
Build failed with 4 errors:

[31m[UNLOADABLE_DEPENDENCY] [0mCould not load ../../../../resources/js/routes/dashboard/users
    [38;5;246m╭[0m[38;5;246m─[0m[38;5;246m[[0m resources/js/pages/admin/users/Index.vue?vue&type=script&setup=true&lang.ts:69:46 [38;5;246m][0m
    [38;5;246m│[0m
 [38;5;246m69 │[0m [38;5;249mi[0m[38;5;249mm[0m[38;5;249mp[0m[38;5;249mo[0m[38;5;249mr[0m[38;5;249mt[0m[38;5;249m [0m[38;5;249m{[0m[38;5;249m [0m[38;5;249mi[0m[38;5;249mn[0m[38;5;249md[0m[38;5;249me[0m[38;5;249mx[0m[38;5;249m,[0m[38;5;249m [0m[38;5;249mc[0m[38;5;249mr[0m[38;5;249me[0m[38;5;249ma[0m[38;5;249mt[0m[38;5;249me[0m[38;5;249m,[0m[38;5;249m [0m[38;5;249me[0m[38;5;249md[0m[38;5;249mi[0m[38;5;249mt[0m[38;5;249m,[0m[38;5;249m [0m[38;5;249md[0m[38;5;249me[0m[38;5;249ms[0m[38;5;249mt[0m[38;5;249mr[0m[38;5;249mo[0m[38;5;249my[0m[38;5;249m [0m[38;5;249m}[0m[38;5;249m [0m[38;5;249mf[0m[38;5;249mr[0m[38;5;249mo[0m[38;5;249mm[0m[38;5;249m [0m"@/routes/dashboard/users"[38;5;249m;[0m
 [38;5;240m   │[0m                                              ─────────────┬────────────  
 [38;5;240m   │[0m                                                           ╰────────────── No such file or directory (os error 2)
[38;5;246m────╯[0m

[31m[UNLOADABLE_DEPENDENCY] [0mCould not load ../../../../resources/js/routes/dashboard/departments
    [38;5;246m╭[0m[38;5;246m─[0m[38;5;246m[[0m resources/js/pages/admin/departments/Index.vue?vue&type=script&setup=true&lang.ts:69:40 [38;5;246m][0m
    [38;5;246m│[0m
 [38;5;246m69 │[0m [38;5;249mi[0m[38;5;249mm[0m[38;5;249mp[0m[38;5;249mo[0m[38;5;249mr[0m[38;5;249mt[0m[38;5;249m [0m[38;5;249m{[0m[38;5;249m [0m[38;5;249ms[0m[38;5;249mt[0m[38;5;249mo[0m[38;5;249mr[0m[38;5;249me[0m[38;5;249m,[0m[38;5;249m [0m[38;5;249mu[0m[38;5;249mp[0m[38;5;249md[0m[38;5;249ma[0m[38;5;249mt[0m[38;5;249me[0m[38;5;249m,[0m[38;5;249m [0m[38;5;249md[0m[38;5;249me[0m[38;5;249ms[0m[38;5;249mt[0m[38;5;249mr[0m[38;5;249mo[0m[38;5;249my[0m[38;5;249m [0m[38;5;249m}[0m[38;5;249m [0m[38;5;249mf[0m[38;5;249mr[0m[38;5;249mo[0m[38;5;249mm[0m[38;5;249m [0m"@/routes/dashboard/departments"[38;5;249m;[0m
 [38;5;240m   │[0m                                        ────────────────┬───────────────  
 [38;5;240m   │[0m                                                        ╰───────────────── No such file or directory (os error 2)
[38;5;246m────╯[0m

[31m[UNLOADABLE_DEPENDENCY] [0mCould not load ../../../../resources/js/routes/dashboard/branches
    [38;5;246m╭[0m[38;5;246m─[0m[38;5;246m[[0m resources/js/pages/admin/branches/Index.vue?vue&type=script&setup=true&lang.ts:70:40 [38;5;246m][0m
    [38;5;246m│[0m
 [38;5;246m70 │[0m [38;5;249mi[0m[38;5;249mm[0m[38;5;249mp[0m[38;5;249mo[0m[38;5;249mr[0m[38;5;249mt[0m[38;5;249m [0m[38;5;249m{[0m[38;5;249m [0m[38;5;249ms[0m[38;5;249mt[0m[38;5;249mo[0m[38;5;249mr[0m[38;5;249me[0m[38;5;249m,[0m[38;5;249m [0m[38;5;249mu[0m[38;5;249mp[0m[38;5;249md[0m[38;5;249ma[0m[38;5;249mt[0m[38;5;249me[0m[38;5;249m,[0m[38;5;249m [0m[38;5;249md[0m[38;5;249me[0m[38;5;249ms[0m[38;5;249mt[0m[38;5;249mr[0m[38;5;249mo[0m[38;5;249my[0m[38;5;249m [0m[38;5;249m}[0m[38;5;249m [0m[38;5;249mf[0m[38;5;249mr[0m[38;5;249mo[0m[38;5;249mm[0m[38;5;249m [0m"@/routes/dashboard/branches"[38;5;249m;[0m
 [38;5;240m   │[0m                                        ──────────────┬──────────────  
 [38;5;240m   │[0m                                                      ╰──────────────── No such file or directory (os error 2)
[38;5;246m────╯[0m

[31m[UNLOADABLE_DEPENDENCY] [0mCould not load ../../../../resources/js/routes/dashboard/roles
    [38;5;246m╭[0m[38;5;246m─[0m[38;5;246m[[0m resources/js/pages/admin/roles/Index.vue?vue&type=script&setup=true&lang.ts:47:40 [38;5;246m][0m
    [38;5;246m│[0m
 [38;5;246m47 │[0m [38;5;249mi[0m[38;5;249mm[0m[38;5;249mp[0m[38;5;249mo[0m[38;5;249mr[0m[38;5;249mt[0m[38;5;249m [0m[38;5;249m{[0m[38;5;249m [0m[38;5;249ms[0m[38;5;249mt[0m[38;5;249mo[0m[38;5;249mr[0m[38;5;249me[0m[38;5;249m,[0m[38;5;249m [0m[38;5;249mu[0m[38;5;249mp[0m[38;5;249md[0m[38;5;249ma[0m[38;5;249mt[0m[38;5;249me[0m[38;5;249m,[0m[38;5;249m [0m[38;5;249md[0m[38;5;249me[0m[38;5;249ms[0m[38;5;249mt[0m[38;5;249mr[0m[38;5;249mo[0m[38;5;249my[0m[38;5;249m [0m[38;5;249m}[0m[38;5;249m [0m[38;5;249mf[0m[38;5;249mr[0m[38;5;249mo[0m[38;5;249mm[0m[38;5;249m [0m"@/routes/dashboard/roles"[38;5;249m;[0m
 [38;5;240m   │[0m                                        ─────────────┬────────────  
 [38;5;240m   │[0m                                                     ╰────────────── No such file or directory (os error 2)
[38;5;246m────╯[0m

    at aggregateBindingErrorsIntoJsError (file:///Users/ahmedwassef/Sites/efada/node_modules/rolldown/dist/shared/error-CkdMJ9ps.mjs:48:18)
    at unwrapBindingResult (file:///Users/ahmedwassef/Sites/efada/node_modules/rolldown/dist/shared/error-CkdMJ9ps.mjs:18:128)
    at #build (file:///Users/ahmedwassef/Sites/efada/node_modules/rolldown/dist/shared/rolldown-build-BVD3dIdE.mjs:3275:34)
    at async buildEnvironment (file:///Users/ahmedwassef/Sites/efada/node_modules/vite/dist/node/chunks/node.js:33133:64)
    at async Object.build (file:///Users/ahmedwassef/Sites/efada/node_modules/vite/dist/node/chunks/node.js:33555:19)
    at async Object.buildApp (file:///Users/ahmedwassef/Sites/efada/node_modules/vite/dist/node/chunks/node.js:33552:153)
    at async CAC.<anonymous> (file:///Users/ahmedwassef/Sites/efada/node_modules/vite/dist/node/cli.js:777:3) {
  errors: [Getter/Setter]
}
